TSC_EXITCODE=0 
